vagrant@vagrant:~$ sudo su
root@vagrant:/home/vagrant# apt-get update && apt-get install apache2
...
vagrant@vagrant:~$ systemctl restart apache2
==== AUTHENTICATING FOR org.freedesktop.systemd1.manage-units ===
Authentication is required to restart 'apache2.service'.
Authenticating as: vagrant,,, (vagrant)
Password:
==== AUTHENTICATION COMPLETE ===


vagrant@vagrant:/var/www/html$ curl http://localhost | grep It
  % Total    % Received % Xferd  Average Speed   Time    Time     Time  Current
                                 Dload  Upload   Total   Spent    Left  Speed
    <title>Apache2 Ubuntu Default Page: It works</title>
          It works!
                It is based on the equivalent page on Debian, from which the Ubuntu Apache
                           file. It puts the pieces together by including all remaining configuration
                           main configuration file. It is used to determine the listening ports for
100 10918  100 10918    0     0   190k      0 --:--:-- --:--:-- --:--:--  193k



#SSL
sudo openssl req -x509 -nodes -days 365 -newkey rsa:2048 -keyout /etc/ssl/private/apache-selfsigned.key -out /etc/ssl/certs/apache-selfsigned.crt

sudo mkdir /var/www/localhost

sudo vim /var/www/localhost/index.html
<h1>it worked!</h1>

sudo vi /etc/apache2/sites-enabled/localhost.conf
<VirtualHost *:443>
 ServerName your_domain_or_ip
 DocumentRoot /var/www/your_domain_or_ip
 SSLEngine on
 SSLCertificateFile /etc/ssl/certs/apache-selfsigned.crt
 SSLCertificateKeyFile /etc/ssl/private/apache-selfsigned.key
</VirtualHost>
<VirtualHost *:80>
    ServerName localhost
    Redirect / https://localhost/
</VirtualHost>


sudo apache2ctl configtest

sudo systemctl reload apache2


vagrant@vagrant:~/.ssh$ curl https://localhost
curl: (60) SSL certificate problem: self signed certificate
More details here: https://curl.haxx.se/docs/sslcerts.html

curl failed to verify the legitimacy of the server and therefore could not
establish a secure connection to it. To learn more about this situation and
how to fix it, please visit the web page mentioned above.
vagrant@vagrant:~/.ssh$ curl localhost
<!DOCTYPE HTML PUBLIC "-//IETF//DTD HTML 2.0//EN">
<html><head>
<title>302 Found</title>
</head><body>
<h1>Found</h1>
<p>The document has moved <a href="https://localhost/">here</a>.</p>
<hr>
<address>Apache/2.4.41 (Ubuntu) Server at localhost Port 80</address>
</body></html>
vagrant@vagrant:~/.ssh$ curl -k https://localhost
<h2>it's worked!</h2>


#После проброса видим картинку
