vagrant@vagrant:/home/testssl.sh$ systemctl start sshd.service
==== AUTHENTICATING FOR org.freedesktop.systemd1.manage-units ===
Authentication is required to start 'ssh.service'.
Authenticating as: vagrant,,, (vagrant)
Password:
==== AUTHENTICATION COMPLETE ===
vagrant@vagrant:/home/testssl.sh$ systemctl enable sshd.service
==== AUTHENTICATING FOR org.freedesktop.systemd1.manage-unit-files ===
Authentication is required to manage system service or unit files.
Authenticating as: vagrant,,, (vagrant)
Password:
==== AUTHENTICATION COMPLETE ===
Failed to enable unit: Refusing to operate on alias name or linked unit file: sshd.service

vagrant@vagrant:/home/testssl.sh$ systemctl status sshd
● ssh.service - OpenBSD Secure Shell server
     Loaded: loaded (/lib/systemd/system/ssh.service; enabled; vendor preset: enabled)
     Active: active (running) since Tue 2022-01-11 21:47:52 UTC; 1h 37min ago
       Docs: man:sshd(8)
             man:sshd_config(5)
   Main PID: 10275 (sshd)
      Tasks: 1 (limit: 508)
     Memory: 1.1M
     CGroup: /system.slice/ssh.service
             └─10275 sshd: /usr/sbin/sshd -D [listener] 0 of 10-100 startups

Jan 11 21:47:51 vagrant systemd[1]: Starting OpenBSD Secure Shell server...
Jan 11 21:47:52 vagrant sshd[10275]: Server listening on 0.0.0.0 port 22.
Jan 11 21:47:52 vagrant sshd[10275]: Server listening on :: port 22.
Jan 11 21:47:52 vagrant systemd[1]: Started OpenBSD Secure Shell server.

vagrant@vagrant:/home/testssl.sh$ ssh-keygen
Generating public/private rsa key pair.
Enter file in which to save the key (/home/vagrant/.ssh/id_rsa):
Enter passphrase (empty for no passphrase):
Enter same passphrase again:
Your identification has been saved in /home/vagrant/.ssh/id_rsa
Your public key has been saved in /home/vagrant/.ssh/id_rsa.pub
The key fingerprint is:
SHA256:5iEkQvyuhOj0iGn41//h4k21IsKVt9rlWYBOKJDO5bo vagrant@vagrant
The key's randomart image is:
+---[RSA 3072]----+
| ..              |
| ..  .           |
|  ..+ o          |
|   +.*   o .     |
|.. .o + S + o    |
|o.. .o * = o o   |
|=oo...o o * o .  |
|++.......B = o   |
|....E  o+o= o    |
+----[SHA256]-----+



vagrant@vagrant:/home/testssl.sh$ ssh-copy-id vagrant@192.168.11.199
/usr/bin/ssh-copy-id: INFO: Source of key(s) to be installed: "/home/vagrant/.ssh/id_rsa.pub"
The authenticity of host '192.168.11.199 (192.168.11.199)' can't be established.
ECDSA key fingerprint is SHA256:wSHl+h4vAtTT7mbkj2lbGyxWXWTUf6VUliwpncjwLPM.
Are you sure you want to continue connecting (yes/no/[fingerprint])? y
Please type 'yes', 'no' or the fingerprint: yes
/usr/bin/ssh-copy-id: INFO: attempting to log in with the new key(s), to filter out any that are already installed
/usr/bin/ssh-copy-id: INFO: 1 key(s) remain to be installed -- if you are prompted now it is to install the new keys
vagrant@192.168.11.199's password:
Permission denied, please try again.
vagrant@192.168.11.199's password:

Number of key(s) added: 1

Now try logging into the machine, with:   "ssh 'vagrant@192.168.11.199'"
and check to make sure that only the key(s) you wanted were added.




vagrant@vagrant:/home/testssl.sh$ ssh vagrant@192.168.11.199
Welcome to Ubuntu 20.04.3 LTS (GNU/Linux 5.4.0-80-generic x86_64)

 * Documentation:  https://help.ubuntu.com
 * Management:     https://landscape.canonical.com
 * Support:        https://ubuntu.com/advantage

  System information as of Tue 11 Jan 2022 11:57:52 PM UTC

  System load:  0.0               Users logged in:         1
  Usage of /:   3.3% of 61.31GB   IPv4 address for dummy0: 10.2.2.2
  Memory usage: 32%               IPv4 address for eth0:   10.0.2.15
  Swap usage:   0%                IPv4 address for eth1:   192.168.11.199
  Processes:    99




This system is built by the Bento project by Chef Software
More information can be found at https://github.com/chef/bento
Last login: Tue Jan 11 21:25:38 2022 from 10.0.2.2
